// Jest Snapshot v1, https://goo.gl/fbAQLP

exports[`Given ActionBar should render correctly with given props 1`] = `
<div>
  <div
    class="row list_header"
  >
    <button
      class="ui button sortby_button"
    >
      Sort By
    </button>
    <div
      class="ui icon input search_input"
      data-testid="search"
    >
      <input
        placeholder="Type to search..."
        type="text"
        value=""
      />
      <i
        aria-hidden="true"
        class="search icon"
      />
    </div>
  </div>
</div>
`;
